// Vitest Snapshot v1, https://vitest.dev/guide/snapshot.html

exports[`Sentence > if props data is undefined 1`] = `
<DocumentFragment>
  <div
    class="text-gray-800 delay-200 min-h-96 border-dashed md:border-x-2 border-gray-200 border-y-2 md:rounded-lg p-4 text-2xl md:p-6 mb-8 relative"
    data-testid="sentence-block"
  >
    <button
      class="bg-transparent inline-flex items-center rounded-lg text-sm text-gray-400 hover:text-green-500 absolute bottom-1 right-2"
      data-testid="sentence-complete"
    >
      <svg
        class="h-6 w-6"
        fill="none"
        stroke="currentColor"
        stroke-width="1.5"
        viewBox="0 0 24 24"
        xmlns="http://www.w3.org/2000/svg"
      >
        <path
          d="M9 12.75L11.25 15 15 9.75M21 12c0 1.268-.63 2.39-1.593 3.068a3.745 3.745 0 01-1.043 3.296 3.745 3.745 0 01-3.296 1.043A3.745 3.745 0 0112 21c-1.268 0-2.39-.63-3.068-1.593a3.746 3.746 0 01-3.296-1.043 3.745 3.745 0 01-1.043-3.296A3.745 3.745 0 013 12c0-1.268.63-2.39 1.593-3.068a3.745 3.745 0 011.043-3.296 3.746 3.746 0 013.296-1.043A3.746 3.746 0 0112 3c1.268 0 2.39.63 3.068 1.593a3.746 3.746 0 013.296 1.043 3.746 3.746 0 011.043 3.296A3.745 3.745 0 0121 12z"
          stroke-linecap="round"
          stroke-linejoin="round"
        />
      </svg>
    </button>
  </div>
</DocumentFragment>
`;
