// Vitest Snapshot v1, https://vitest.dev/guide/snapshot.html

exports[`Home > @Render > should render first load 1`] = `
<DocumentFragment>
  <main>
    <div
      class="px-6 lg:px-8"
    >
      <div
        class="mx-auto max-w-3xl py-10 sm:py-40"
      >
        <div
          class="mb-8 hidden justify-center sm:flex "
        >
          <div
            class="rounded-full px-4 py-1.5 text-sm ring-1 ring-gray-900/10 hover:ring-gray-900/20"
          >
            <span
              class="text-gray-600"
            >
              Decodable Reading Books For Children
            </span>
            <a
              class="pl-1 font-semibold text-indigo-600"
              href="/"
            >
              Read more 
              <svg
                class="h-4 w-4 inline-block"
                fill="none"
                stroke="currentColor"
                stroke-width="2.5"
                viewBox="0 0 24 24"
                xmlns="http://www.w3.org/2000/svg"
              >
                <path
                  d="M4.5 12h15m0 0l-6.75-6.75M19.5 12l-6.75 6.75"
                  stroke-linecap="round"
                  stroke-linejoin="round"
                />
              </svg>
            </a>
          </div>
        </div>
        <div>
          <h1
            class="text-4xl font-bold tracking-tight sm:text-center sm:text-6xl "
          >
            Data to improve reading
          </h1>
          <p
            class="mt-6 text-lg leading-8 text-gray-600 sm:text-center"
          >
            Reading Tracker helps to identify the weaknesses of a child learning to read. It will help identify which phonetics the reader is struggling with and which sight words it cannot read.
          </p>
          <div
            class="mt-8 flex gap-x-4 sm:justify-center"
          >
            <button
              class="rounded-lg font-medium text-base text-center px-5 py-2.5 text-white bg-blue-700 hover:bg-blue-800 flex items-center"
              template="primary"
            >
              Log in 
              <svg
                class="h-4 w-4 ml-1"
                fill="none"
                stroke="currentColor"
                stroke-width="2.5"
                viewBox="0 0 24 24"
                xmlns="http://www.w3.org/2000/svg"
              >
                <path
                  d="M4.5 12h15m0 0l-6.75-6.75M19.5 12l-6.75 6.75"
                  stroke-linecap="round"
                  stroke-linejoin="round"
                />
              </svg>
            </button>
            <button
              class="rounded-lg font-medium text-base text-center px-5 py-2.5 text-gray bg-gray-200 hover:bg-gray-300 flex items-center"
              template="secondary"
            >
              Register 
              <svg
                class="h-4 w-4 ml-1"
                fill="none"
                stroke="currentColor"
                stroke-width="2.5"
                viewBox="0 0 24 24"
                xmlns="http://www.w3.org/2000/svg"
              >
                <path
                  d="M4.5 12h15m0 0l-6.75-6.75M19.5 12l-6.75 6.75"
                  stroke-linecap="round"
                  stroke-linejoin="round"
                />
              </svg>
            </button>
          </div>
        </div>
      </div>
    </div>
  </main>
</DocumentFragment>
`;
