// Vitest Snapshot v1, https://vitest.dev/guide/snapshot.html

exports[`PageNotFound > render page and click on go back button 1`] = `
<DocumentFragment>
  <main
    class="grid min-h-full place-items-center bg-white px-6 py-24 sm:py-32 lg:px-8"
  >
    <div
      class="text-center"
    >
      <p
        class="text-base font-semibold text-indigo-600"
      >
        404
      </p>
      <h1
        class="mt-4 text-3xl font-bold tracking-tight text-gray-900 sm:text-5xl"
      >
        Page not found
      </h1>
      <p
        class="mt-6 text-base leading-7 text-gray-600"
      >
        Sorry, we couldn’t find the page you’re looking for.
      </p>
      <div
        class="mt-10 flex items-center justify-center gap-x-6"
      >
        <button
          class="rounded-lg font-medium text-base text-center px-5 py-2.5 text-white bg-blue-700 hover:bg-blue-800 "
          data-testid="go-back-button"
          template="primary"
        >
          Go back
        </button>
      </div>
    </div>
  </main>
</DocumentFragment>
`;
