// Vitest Snapshot v1, https://vitest.dev/guide/snapshot.html

exports[`CollectionRow > if collection row icon is green 1`] = `
<DocumentFragment>
  <div
    class="flex justify-between px-4 py-5 sm:gap-4 sm:px-6 bg-gray-50"
  >
    <div
      class="flex items-center"
    >
      <span
        class="mr-6 text-green-500"
      >
        <svg
          class="h-6 w-6"
          fill="none"
          stroke="currentColor"
          stroke-width="1.5"
          viewBox="0 0 24 24"
          xmlns="http://www.w3.org/2000/svg"
        >
          <path
            d="M12 21v-8.25M15.75 21v-8.25M8.25 21v-8.25M3 9l9-6 9 6m-1.5 12V10.332A48.36 48.36 0 0012 9.75c-2.551 0-5.056.2-7.5.582V21M3 21h18M12 6.75h.008v.008H12V6.75z"
            stroke-linecap="round"
            stroke-linejoin="round"
          />
        </svg>
      </span>
      <span
        class="font-medium text-gray-800"
      >
        title collection 1 (2)
      </span>
    </div>
    <div
      class="flex justify-end"
    >
      <button
        class="flex items-center rounded-lg font-medium text-base text-center px-5 py-2.5 text-gray-400 bg-gray-200 flex items-center"
        data-testid="collection-button"
      >
        <span
          class="mr-1 hidden md:inline"
        >
          View Books
        </span>
        <svg
          class="h-5 w-5 "
          fill="none"
          stroke="currentColor"
          stroke-width="1"
          viewBox="0 0 24 24"
          xmlns="http://www.w3.org/2000/svg"
        >
          <path
            d="M2.036 12.322a1.012 1.012 0 010-.639C3.423 7.51 7.36 4.5 12 4.5c4.638 0 8.573 3.007 9.963 7.178.07.207.07.431 0 .639C20.577 16.49 16.64 19.5 12 19.5c-4.638 0-8.573-3.007-9.963-7.178z"
            stroke-linecap="round"
            stroke-linejoin="round"
          />
          <path
            d="M15 12a3 3 0 11-6 0 3 3 0 016 0z"
            stroke-linecap="round"
            stroke-linejoin="round"
          />
        </svg>
         
      </button>
    </div>
  </div>
</DocumentFragment>
`;

exports[`CollectionRow > props data is undefined 1`] = `
<DocumentFragment>
  loading...
</DocumentFragment>
`;
