// Vitest Snapshot v1

exports[`Dashboard > should render a list of words 1`] = `
<DocumentFragment>
  <header
    class="bg-white shadow"
  >
    <div
      class="mx-auto max-w-7xl py-6 px-4 sm:px-6 lg:px-8"
    >
      <h1
        class="text-3xl font-bold tracking-tight text-gray-900"
      >
        Dashboard
      </h1>
    </div>
  </header>
  <main>
    <div
      class="mx-auto max-w-7xl py-6 sm:px-6 lg:px-8"
    >
      <div
        class="px-4 py-6 sm:px-0"
      >
        <h3
          class="text-xl font-medium text-gray-900 dark:text-white mt-10 rounded-t-lg bg-gray-200 p-2"
        >
          Words read incorrectly
        </h3>
        <div
          class="min-h-96 inline-flex w-full flex-wrap items-center justify-center rounded-b-lg border-4 border-t-0 border-dashed border-gray-200 p-2 shadow-md"
          data-testid="heat-map"
        >
          <span
            class="m-6 rounded-2xl border-2 p-3 border-gray-100"
            data-testid="heat-map-word"
          >
            <span
              class="font-bold text-gray-900 text-gray-900"
            >
              this
            </span>
            <span
              class="ml-4 rounded-full py-1 px-3 text-white "
            >
              1
            </span>
          </span>
          <span
            class="m-6 rounded-2xl border-2 p-3 border-gray-100 bg-red-100"
            data-testid="heat-map-word"
          >
            <span
              class="font-bold text-gray-900 text-gray-800"
            >
              that
            </span>
            <span
              class="ml-4 rounded-full py-1 px-3 text-white bg-red-300"
            >
              5
            </span>
          </span>
          <span
            class="m-6 rounded-2xl border-2 p-3 border-gray-200 bg-red-100"
            data-testid="heat-map-word"
          >
            <span
              class="font-bold text-gray-900 text-gray-700"
            >
              would
            </span>
            <span
              class="ml-4 rounded-full py-1 px-3 text-white bg-red-400"
            >
              10
            </span>
          </span>
          <span
            class="m-6 rounded-2xl border-2 p-3 border-gray-300 bg-red-200"
            data-testid="heat-map-word"
          >
            <span
              class="font-bold text-gray-900 text-gray-600"
            >
              dog
            </span>
            <span
              class="ml-4 rounded-full py-1 px-3 text-white bg-red-500"
            >
              15
            </span>
          </span>
          <span
            class="m-6 rounded-2xl border-2 p-3 border-gray-300 bg-red-500"
            data-testid="heat-map-word"
          >
            <span
              class="font-bold text-gray-900 text-white"
            >
              right
            </span>
            <span
              class="ml-4 rounded-full py-1 px-3 text-white bg-black"
            >
              20
            </span>
          </span>
          <span
            class="m-6 rounded-2xl border-2 p-3 border-gray-300 bg-red-500"
            data-testid="heat-map-word"
          >
            <span
              class="font-bold text-gray-900 text-white"
            >
              live
            </span>
            <span
              class="ml-4 rounded-full py-1 px-3 text-white bg-black"
            >
              40
            </span>
          </span>
        </div>
      </div>
    </div>
  </main>
</DocumentFragment>
`;
