// Vitest Snapshot v1, https://vitest.dev/guide/snapshot.html

exports[`Students > should render students 1`] = `
<DocumentFragment>
  <section>
    <div
      class="flex justify-between px-4 py-5 sm:gap-4 sm:px-6 bg-gray-50"
    >
      <div
        class="flex items-center"
      >
        <span
          class="mr-6 text-gray-300"
        >
          <svg
            class="h-6 w-6"
            fill="none"
            stroke="currentColor"
            stroke-width="1.5"
            viewBox="0 0 24 24"
            xmlns="http://www.w3.org/2000/svg"
          >
            <path
              d="M15.75 6a3.75 3.75 0 11-7.5 0 3.75 3.75 0 017.5 0zM4.501 20.118a7.5 7.5 0 0114.998 0A17.933 17.933 0 0112 21.75c-2.676 0-5.216-.584-7.499-1.632z"
              stroke-linecap="round"
              stroke-linejoin="round"
            />
          </svg>
        </span>
        <span
          class="font-medium text-gray-800"
        >
          Alan Ball
        </span>
      </div>
      <div
        class="flex justify-end"
      >
        <button
          class="flex items-center rounded-lg font-medium text-base text-center px-5 py-2.5 text-gray bg-gray-200 hover:bg-gray-300 "
          data-testid="select-student"
        >
          Select
        </button>
        <button
          class="bg-transparent inline-flex items-center rounded-lg text-sm text-gray-400 hover:bg-gray-200 hover:text-gray-900 dark:hover:bg-gray-800 dark:hover:text-white ml-2"
          data-testid="student-delete"
        >
          <svg
            class="h-6 w-6"
            fill="none"
            stroke="currentColor"
            stroke-width="1.5"
            viewBox="0 0 24 24"
            xmlns="http://www.w3.org/2000/svg"
          >
            <path
              d="M14.74 9l-.346 9m-4.788 0L9.26 9m9.968-3.21c.342.052.682.107 1.022.166m-1.022-.165L18.16 19.673a2.25 2.25 0 01-2.244 2.077H8.084a2.25 2.25 0 01-2.244-2.077L4.772 5.79m14.456 0a48.108 48.108 0 00-3.478-.397m-12 .562c.34-.059.68-.114 1.022-.165m0 0a48.11 48.11 0 013.478-.397m7.5 0v-.916c0-1.18-.91-2.164-2.09-2.201a51.964 51.964 0 00-3.32 0c-1.18.037-2.09 1.022-2.09 2.201v.916m7.5 0a48.667 48.667 0 00-7.5 0"
              stroke-linecap="round"
              stroke-linejoin="round"
            />
          </svg>
        </button>
      </div>
    </div>
    <div
      class="flex justify-between px-4 py-5 sm:gap-4 sm:px-6 bg-white"
    >
      <div
        class="flex items-center"
      >
        <span
          class="mr-6 text-gray-300"
        >
          <svg
            class="h-6 w-6"
            fill="none"
            stroke="currentColor"
            stroke-width="1.5"
            viewBox="0 0 24 24"
            xmlns="http://www.w3.org/2000/svg"
          >
            <path
              d="M15.75 6a3.75 3.75 0 11-7.5 0 3.75 3.75 0 017.5 0zM4.501 20.118a7.5 7.5 0 0114.998 0A17.933 17.933 0 0112 21.75c-2.676 0-5.216-.584-7.499-1.632z"
              stroke-linecap="round"
              stroke-linejoin="round"
            />
          </svg>
        </span>
        <span
          class="font-medium text-gray-800"
        >
          Bob Ball
        </span>
      </div>
      <div
        class="flex justify-end"
      >
        <button
          class="flex items-center rounded-lg font-medium text-base text-center px-5 py-2.5 text-gray bg-gray-200 hover:bg-gray-300 "
          data-testid="select-student"
        >
          Select
        </button>
        <button
          class="bg-transparent inline-flex items-center rounded-lg text-sm text-gray-400 hover:bg-gray-200 hover:text-gray-900 dark:hover:bg-gray-800 dark:hover:text-white ml-2"
          data-testid="student-delete"
        >
          <svg
            class="h-6 w-6"
            fill="none"
            stroke="currentColor"
            stroke-width="1.5"
            viewBox="0 0 24 24"
            xmlns="http://www.w3.org/2000/svg"
          >
            <path
              d="M14.74 9l-.346 9m-4.788 0L9.26 9m9.968-3.21c.342.052.682.107 1.022.166m-1.022-.165L18.16 19.673a2.25 2.25 0 01-2.244 2.077H8.084a2.25 2.25 0 01-2.244-2.077L4.772 5.79m14.456 0a48.108 48.108 0 00-3.478-.397m-12 .562c.34-.059.68-.114 1.022-.165m0 0a48.11 48.11 0 013.478-.397m7.5 0v-.916c0-1.18-.91-2.164-2.09-2.201a51.964 51.964 0 00-3.32 0c-1.18.037-2.09 1.022-2.09 2.201v.916m7.5 0a48.667 48.667 0 00-7.5 0"
              stroke-linecap="round"
              stroke-linejoin="round"
            />
          </svg>
        </button>
      </div>
    </div>
  </section>
</DocumentFragment>
`;
